dup2.

c2d compiler version 2.20
Copyright (c) Automated Reasoning Group, UCLA 2004-2005
Licensed only for non-commercial, research and educational use

Loaded cnf: 19 vars 67 clauses (-18 eclauses)
1 unit clauses, 45 binary clauses, max clause size: 3
Skipped 18 trivial clauses.

Generating dtree... done.
Saving dtree...done.
Max Cluster=3, Cutset=1, Context=3, Separator=2, Height=9
Compiling...done.
Cache memory: 0.0 MB / Cache count: 6
NNF memory: 0.0 MB
Learned clauses: 0
Compile Time: 0.000s / Pre-Processing: 0.001s / Post-Processing: 0.007s

1.0% of nodes, and 1.0% of edges are dead.
Saving 61 nodes and 72 edges...done.
Loading 61 nnf nodes and 72 edges...done.
Reducing 61 nodes, 72 edges......56 nodes, 67 edges: 0.007s
Smoothing 56 nodes, 67 edges...56 nodes, 67 edges / 0.000s
Saving 56 nnf nodes and 67 edges...done.

Total Time: 0.015s
